// Jest Snapshot v1, https://goo.gl/fbAQLP

exports[`AppMessage component should generate message with proper style 1`] = `<div class="text-center my-24"><span class="text-xl text-gray-800 font-bold">Something wrong happened</span></div>`;
