// Jest Snapshot v1, https://goo.gl/fbAQLP

exports[`FlowSelect component should match snapshot 1`] = `<select class="border border-light-gray-500 bg-white p-5"></select>`;
