// Jest Snapshot v1, https://goo.gl/fbAQLP

exports[`FormSelect component should match snapshot 1`] = `<select class="border border-gray-900"></select>`;
