// Jest Snapshot v1, https://goo.gl/fbAQLP

exports[`ProductColors component should render component with correct styling 1`] = `
<div class="my-4 flex items-center"><span class="mr-4">Colores</span>
  <div title="Black" class="rounded-full h-6 w-6" style="background-color: rgb(0, 0, 0);"></div>
  <div title="White" class="rounded-full h-6 w-6" style="background-color: rgb(255, 255, 255);"></div>
</div>
`;
