// Jest Snapshot v1, https://goo.gl/fbAQLP

exports[`ProductTile component should render component with props 1`] = `
<a class="flex"><img src="~/assets/img/product.jpg" alt="" class="square-256">
  <div class="flex flex-col ml-5 justify-center"><span class="uppercase font-light">Shoes</span> <span class="text-lg text-dark-gray-600 hover:text-primary-600 transition ease-in duration-100">Nike Shoes</span>
    <p class="text-sm">Pellentesque habitant morbi tristique senectus et netus et malesuada fames ac turpis egestas. Vestibulum tortor quam, feugiat vitae, ultricies eget, tempor sit amet, ante.</p> <span class="font-bold text-xl text-dark-gray-500">Q 25.50</span>
  </div>
</a>
`;
